// Jest Snapshot v1, https://goo.gl/fbAQLP

exports[`<List /> renders this UI as expected 1`] = `
<section
  className="List"
>
  <header
    className="List-header"
  >
    <h2 />
  </header>
  <div
    className="List-cards"
  >
    <div
      className="Card"
    >
      <button
        type="button"
      >
        delete
      </button>
      <h3>
        TEST 1 Title
      </h3>
      <p>
        Test is working!
      </p>
    </div>
    <div
      className="Card"
    >
      <button
        type="button"
      >
        delete
      </button>
      <h3>
        TEST 2 Title
      </h3>
      <p>
        Test 2 is wokring!
      </p>
    </div>
    <button
      className="List-add-button"
      type="button"
    >
      + Add Random Card
    </button>
  </div>
</section>
`;
